(`stdio())
("If you get a warning next, something likeWARNING: No font available with requested character set! #1please have a look at the installed fonts.At the moment variable fonts are not installed")
